
=== AUDIT serie_a ===
 A. controlli interni
  [OK  ] A1.schema: 38 colonne, ordine atteso
  [OK  ] A2.chiave_unica: 0 chiavi (stagione,casa,ospite) duplicate
  [OK  ] A3.round_robin: 0 stagioni con calendario incompleto/anomalo
  [OK  ] A4.result_vs_gol: 0 risultati incoerenti coi gol, 0 gol negativi, 0 gol >12 (da ispezionare a mano)
  [OK  ] A5.date_finestra: 0 date mancanti, 0 stagioni con date fuori finestra
  [OK  ] A6.due_gare_stesso_giorno: 0 casi squadra con 2 gare nello stesso giorno
  [OK  ] A7.nomi_squadra: 32 squadre distinte; 0 nomi con alias non applicato; 0 coppie quasi-duplicate
  [OK  ] A8.quote_valide: quote: 1X2_chiusura n=3420 orr[1.010,1.076]; 1X2_apertura n=3419 orr[1.017,1.080]; OU_chiusura n=2660 orr[1.039,1.072]; OU_apertura n=3418 orr[1.041,1.074]
  [OK  ] A9.copertura_quote: copertura chiusura O/U conforme alla semantica dichiarata (0% nel 2017-19, ~100% dal 2019-20): 0 deviazioni
  [OK  ] A10.apertura_diversa: quota 1 apertura == chiusura nel 4.3% delle righe (n=3419); atteso basso (istantanee diverse)
  [OK  ] A11.xg_stile: copertura xG 100.00%; npxG>xG in 0 righe; 0 xG fuori range; 0 PPDA<=0; 0 deep<0
  [OK  ] A12.squad_value: 0 coppie (stagione,squadra) con valore rosa NON costante; 0 righe con valore mancante
  [OK  ] A13.congestione_assenze: riposo NaN=0 range=[3.0,14.0]; midweek non binario=0; assenze NaN=0 max=14.0
 B. confronto con football-data.co.uk (ri-scaricato oggi)
  [OK  ] B1.stesse_partite: 0 partite solo nello snapshot, 0 solo nella fonte ri-scaricata (su 3420)
  [OK  ] B2.gol_e_tiri: 0 righe con GOL diversi dalla fonte; 0 con tiri in porta diversi
  [OK  ] B3.date: 0 righe con data diversa dalla fonte
  [OK  ] B4.quote_riderivate: 0/10 colonne quota differiscono dalla ri-derivazione dalla fonte originale
 C. confronto con Understat (fonte indipendente)
  [OK  ] C1.gol_fonte_indipendente: 0 righe con gol diversi tra football-data e Understat; 0 partite senza corrispondenza Understat (lacuna della fonte)
  [OK  ] C2.xg_riparsato: 0/8 colonne xG/stile differiscono dal ri-parsing della fonte Understat
  [WARN] C3.date_due_fonti: 1 partite con date football-data/Understat distanti >1 giorno
 D. sanita' statistica
  [OK  ] D1.statistiche_lega: gol/gara 2.43-3.05; vittorie casa 38.9%-43.7% (range plausibili per un campionato)
  [OK  ] D2.mercato_calibrato: scarto medio prob.mercato - frequenza osservata: H +0.0176, D -0.0075, A -0.0101 (n=3420)
  [OK  ] D3.margine_per_stagione: margine 1X2: 2017-19 ['2.26%', '2.82%'] (Pinnacle) vs dal 2019-20 4.43%-6.28% (media book)
 -> 0 FAIL, 1 WARN su 23 controlli

=== AUDIT premier_league ===
 A. controlli interni
  [FAIL] A1.schema: 38 colonne, ordine DIVERSO
  [OK  ] A2.chiave_unica: 0 chiavi (stagione,casa,ospite) duplicate
  [OK  ] A3.round_robin: 0 stagioni con calendario incompleto/anomalo
  [OK  ] A4.result_vs_gol: 0 risultati incoerenti coi gol, 0 gol negativi, 0 gol >12 (da ispezionare a mano)
  [OK  ] A5.date_finestra: 0 date mancanti, 0 stagioni con date fuori finestra
  [OK  ] A6.due_gare_stesso_giorno: 0 casi squadra con 2 gare nello stesso giorno
  [OK  ] A7.nomi_squadra: 32 squadre distinte; 0 nomi con alias non applicato; 0 coppie quasi-duplicate
  [OK  ] A8.quote_valide: quote: 1X2_chiusura n=3420 orr[1.012,1.069]; 1X2_apertura n=3420 orr[1.017,1.073]; OU_chiusura n=2660 orr[1.036,1.070]; OU_apertura n=3420 orr[1.038,1.073]
  [OK  ] A9.copertura_quote: copertura chiusura O/U conforme alla semantica dichiarata (0% nel 2017-19, ~100% dal 2019-20): 0 deviazioni
  [OK  ] A10.apertura_diversa: quota 1 apertura == chiusura nel 4.5% delle righe (n=3420); atteso basso (istantanee diverse)
  [OK  ] A11.xg_stile: copertura xG 100.00%; npxG>xG in 0 righe; 0 xG fuori range; 0 PPDA<=0; 0 deep<0
  [OK  ] A12.squad_value: 0 coppie (stagione,squadra) con valore rosa NON costante; 0 righe con valore mancante
  [OK  ] A13.congestione_assenze: riposo NaN=0 range=[2.0,14.0]; midweek non binario=0; assenze NaN=0 max=12.0
 B. confronto con football-data.co.uk (ri-scaricato oggi)
  [OK  ] B1.stesse_partite: 0 partite solo nello snapshot, 0 solo nella fonte ri-scaricata (su 3420)
  [OK  ] B2.gol_e_tiri: 0 righe con GOL diversi dalla fonte; 0 con tiri in porta diversi
  [OK  ] B3.date: 0 righe con data diversa dalla fonte
  [OK  ] B4.quote_riderivate: 0/10 colonne quota differiscono dalla ri-derivazione dalla fonte originale
 C. confronto con Understat (fonte indipendente)
  [OK  ] C1.gol_fonte_indipendente: 0 righe con gol diversi tra football-data e Understat; 0 partite senza corrispondenza Understat (lacuna della fonte)
  [OK  ] C2.xg_riparsato: 0/8 colonne xG/stile differiscono dal ri-parsing della fonte Understat
  [OK  ] C3.date_due_fonti: 0 partite con date football-data/Understat distanti >1 giorno
 D. sanita' statistica
  [OK  ] D1.statistiche_lega: gol/gara 2.68-3.28; vittorie casa 37.9%-48.4% (range plausibili per un campionato)
  [OK  ] D2.mercato_calibrato: scarto medio prob.mercato - frequenza osservata: H -0.0034, D +0.0068, A -0.0033 (n=3420)
  [OK  ] D3.margine_per_stagione: margine 1X2: 2017-19 ['2.11%', '2.35%'] (Pinnacle) vs dal 2019-20 3.87%-5.67% (media book)
 -> 1 FAIL, 0 WARN su 23 controlli

=== AUDIT la_liga ===
 A. controlli interni
  [FAIL] A1.schema: 38 colonne, ordine DIVERSO
  [OK  ] A2.chiave_unica: 0 chiavi (stagione,casa,ospite) duplicate
  [OK  ] A3.round_robin: 0 stagioni con calendario incompleto/anomalo
  [OK  ] A4.result_vs_gol: 0 risultati incoerenti coi gol, 0 gol negativi, 0 gol >12 (da ispezionare a mano)
  [OK  ] A5.date_finestra: 0 date mancanti, 0 stagioni con date fuori finestra
  [OK  ] A6.due_gare_stesso_giorno: 0 casi squadra con 2 gare nello stesso giorno
  [OK  ] A7.nomi_squadra: 30 squadre distinte; 0 nomi con alias non applicato; 0 coppie quasi-duplicate
  [OK  ] A8.quote_valide: quote: 1X2_chiusura n=3419 orr[1.017,1.074]; 1X2_apertura n=3420 orr[1.017,1.080]; OU_chiusura n=2660 orr[1.039,1.075]; OU_apertura n=3420 orr[1.013,1.283]
  [OK  ] A9.copertura_quote: copertura chiusura O/U conforme alla semantica dichiarata (0% nel 2017-19, ~100% dal 2019-20): 0 deviazioni
  [OK  ] A10.apertura_diversa: quota 1 apertura == chiusura nel 3.6% delle righe (n=3419); atteso basso (istantanee diverse)
  [OK  ] A11.xg_stile: copertura xG 100.00%; npxG>xG in 0 righe; 0 xG fuori range; 0 PPDA<=0; 0 deep<0
  [OK  ] A12.squad_value: 0 coppie (stagione,squadra) con valore rosa NON costante; 0 righe con valore mancante
  [OK  ] A13.congestione_assenze: riposo NaN=0 range=[2.0,14.0]; midweek non binario=0; assenze NaN=0 max=15.0
 B. confronto con football-data.co.uk (ri-scaricato oggi)
  [OK  ] B1.stesse_partite: 0 partite solo nello snapshot, 0 solo nella fonte ri-scaricata (su 3420)
  [OK  ] B2.gol_e_tiri: 0 righe con GOL diversi dalla fonte; 0 con tiri in porta diversi
  [OK  ] B3.date: 0 righe con data diversa dalla fonte
  [OK  ] B4.quote_riderivate: 0/10 colonne quota differiscono dalla ri-derivazione dalla fonte originale
 C. confronto con Understat (fonte indipendente)
  [OK  ] C1.gol_fonte_indipendente: 0 righe con gol diversi tra football-data e Understat; 0 partite senza corrispondenza Understat (lacuna della fonte)
  [OK  ] C2.xg_riparsato: 0/8 colonne xG/stile differiscono dal ri-parsing della fonte Understat
  [OK  ] C3.date_due_fonti: 0 partite con date football-data/Understat distanti >1 giorno
 D. sanita' statistica
  [OK  ] D1.statistiche_lega: gol/gara 2.48-2.69; vittorie casa 41.6%-48.9% (range plausibili per un campionato)
  [OK  ] D2.mercato_calibrato: scarto medio prob.mercato - frequenza osservata: H -0.0080, D -0.0039, A +0.0119 (n=3419)
  [OK  ] D3.margine_per_stagione: margine 1X2: 2017-19 ['2.31%', '2.77%'] (Pinnacle) vs dal 2019-20 4.32%-6.16% (media book)
 -> 1 FAIL, 0 WARN su 23 controlli

=== AUDIT bundesliga ===
 A. controlli interni
  [OK  ] A1.schema: 38 colonne, ordine atteso
  [OK  ] A2.chiave_unica: 0 chiavi (stagione,casa,ospite) duplicate
  [OK  ] A3.round_robin: 0 stagioni con calendario incompleto/anomalo
  [OK  ] A4.result_vs_gol: 0 risultati incoerenti coi gol, 0 gol negativi, 0 gol >12 (da ispezionare a mano)
  [OK  ] A5.date_finestra: 0 date mancanti, 0 stagioni con date fuori finestra
  [OK  ] A6.due_gare_stesso_giorno: 0 casi squadra con 2 gare nello stesso giorno
  [OK  ] A7.nomi_squadra: 29 squadre distinte; 0 nomi con alias non applicato; 0 coppie quasi-duplicate
  [OK  ] A8.quote_valide: quote: 1X2_chiusura n=2753 orr[1.015,1.074]; 1X2_apertura n=2754 orr[1.016,1.077]; OU_chiusura n=2142 orr[1.023,1.073]; OU_apertura n=2747 orr[1.039,1.095]
  [OK  ] A9.copertura_quote: copertura chiusura O/U conforme alla semantica dichiarata (0% nel 2017-19, ~100% dal 2019-20): 0 deviazioni
  [OK  ] A10.apertura_diversa: quota 1 apertura == chiusura nel 4.4% delle righe (n=2753); atteso basso (istantanee diverse)
  [OK  ] A11.xg_stile: copertura xG 99.96%; npxG>xG in 0 righe; 0 xG fuori range; 0 PPDA<=0; 0 deep<0
  [OK  ] A12.squad_value: 0 coppie (stagione,squadra) con valore rosa NON costante; 0 righe con valore mancante
  [OK  ] A13.congestione_assenze: riposo NaN=0 range=[2.0,14.0]; midweek non binario=0; assenze NaN=0 max=12.0
 B. confronto con football-data.co.uk (ri-scaricato oggi)
  [OK  ] B1.stesse_partite: 0 partite solo nello snapshot, 0 solo nella fonte ri-scaricata (su 2754)
  [info] B0.correzioni_dichiarate: 8 righe si discostano VOLUTAMENTE dalla fonte (registro cantiere/data/correzioni_dichiarate.csv, regola R1): escluse dal confronto B2
  [OK  ] B2.gol_e_tiri: 0 righe con GOL diversi dalla fonte; 0 con tiri in porta diversi
  [OK  ] B3.date: 0 righe con data diversa dalla fonte
  [OK  ] B4.quote_riderivate: 0/10 colonne quota differiscono dalla ri-derivazione dalla fonte originale
 C. confronto con Understat (fonte indipendente)
  [OK  ] C1.gol_fonte_indipendente: 0 righe con gol diversi tra football-data e Understat; 0 partite senza corrispondenza Understat (lacuna della fonte)
  [OK  ] C2.xg_riparsato: 0/8 colonne xG/stile differiscono dal ri-parsing della fonte Understat
  [OK  ] C3.date_due_fonti: 0 partite con date football-data/Understat distanti >1 giorno
 D. sanita' statistica
  [OK  ] D1.statistiche_lega: gol/gara 2.79-3.23; vittorie casa 38.6%-47.4% (range plausibili per un campionato)
  [OK  ] D2.mercato_calibrato: scarto medio prob.mercato - frequenza osservata: H +0.0077, D -0.0134, A +0.0057 (n=2753)
  [OK  ] D3.margine_per_stagione: margine 1X2: 2017-19 ['2.27%', '2.83%'] (Pinnacle) vs dal 2019-20 4.27%-6.34% (media book)
 -> 0 FAIL, 0 WARN su 24 controlli

=== AUDIT ligue_1 ===
 A. controlli interni
  [OK  ] A1.schema: 38 colonne, ordine atteso
  [OK  ] A2.chiave_unica: 0 chiavi (stagione,casa,ospite) duplicate
  [info] A3.round_robin: 1 stagioni con calendario incompleto/anomalo  [ECCEZIONE NOTA: Ligue 1 2019-20 cancellata per COVID (279/380 gare)]
  [OK  ] A4.result_vs_gol: 0 risultati incoerenti coi gol, 0 gol negativi, 0 gol >12 (da ispezionare a mano)
  [OK  ] A5.date_finestra: 0 date mancanti, 0 stagioni con date fuori finestra
  [OK  ] A6.due_gare_stesso_giorno: 0 casi squadra con 2 gare nello stesso giorno
  [OK  ] A7.nomi_squadra: 30 squadre distinte; 0 nomi con alias non applicato; 0 coppie quasi-duplicate
  [OK  ] A8.quote_valide: quote: 1X2_chiusura n=3097 orr[1.017,1.074]; 1X2_apertura n=3097 orr[1.017,1.079]; OU_chiusura n=2337 orr[1.040,1.075]; OU_apertura n=3095 orr[1.037,1.082]
  [OK  ] A9.copertura_quote: copertura chiusura O/U conforme alla semantica dichiarata (0% nel 2017-19, ~100% dal 2019-20): 0 deviazioni
  [OK  ] A10.apertura_diversa: quota 1 apertura == chiusura nel 3.6% delle righe (n=3097); atteso basso (istantanee diverse)
  [OK  ] A11.xg_stile: copertura xG 99.97%; npxG>xG in 0 righe; 0 xG fuori range; 0 PPDA<=0; 0 deep<0
  [OK  ] A12.squad_value: 0 coppie (stagione,squadra) con valore rosa NON costante; 0 righe con valore mancante
  [OK  ] A13.congestione_assenze: riposo NaN=0 range=[3.0,14.0]; midweek non binario=0; assenze NaN=0 max=13.0
 B. confronto con football-data.co.uk (ri-scaricato oggi)
  [OK  ] B1.stesse_partite: 0 partite solo nello snapshot, 0 solo nella fonte ri-scaricata (su 3097)
  [info] B0.correzioni_dichiarate: 2 righe si discostano VOLUTAMENTE dalla fonte (registro cantiere/data/correzioni_dichiarate.csv, regola R1): escluse dal confronto B2
  [OK  ] B2.gol_e_tiri: 0 righe con GOL diversi dalla fonte; 0 con tiri in porta diversi
  [OK  ] B3.date: 0 righe con data diversa dalla fonte
  [OK  ] B4.quote_riderivate: 0/10 colonne quota differiscono dalla ri-derivazione dalla fonte originale
 C. confronto con Understat (fonte indipendente)
  [WARN] C1.gol_fonte_indipendente: 0 righe con gol diversi tra football-data e Understat; 1 partite senza corrispondenza Understat (lacuna della fonte)
  [OK  ] C2.xg_riparsato: 0/8 colonne xG/stile differiscono dal ri-parsing della fonte Understat
  [WARN] C3.date_due_fonti: 3 partite con date football-data/Understat distanti >1 giorno
 D. sanita' statistica
  [OK  ] D1.statistiche_lega: gol/gara 2.52-2.98; vittorie casa 37.4%-48.0% (range plausibili per un campionato)
  [OK  ] D2.mercato_calibrato: scarto medio prob.mercato - frequenza osservata: H +0.0034, D +0.0026, A -0.0060 (n=3097)
  [OK  ] D3.margine_per_stagione: margine 1X2: 2017-19 ['2.33%', '2.73%'] (Pinnacle) vs dal 2019-20 4.63%-6.26% (media book)
 -> 0 FAIL, 2 WARN su 24 controlli

=== RIASSUNTO ===
  serie_a          FAIL=0  WARN=1  (23 controlli)
  premier_league   FAIL=1  WARN=0  (23 controlli)
  la_liga          FAIL=1  WARN=0  (23 controlli)
  bundesliga       FAIL=0  WARN=0  (24 controlli)
  ligue_1          FAIL=0  WARN=2  (24 controlli)
