
=== serie_a ===
  1. margini impossibili (>1.12): 0
  2. coppie 1X2/OU incoerenti: 2
  3. anomalie fisiche (gol>tiri in porta, tiri in porta>tiri): 11 su 3420 righe grezze
  4. impronte-quota duplicate nello stesso giorno: 0
  5. riposo incoerente col calendario di campionato: 0
  6. xG a zero/estremi: 4 (di cui IMPOSSIBILI, cioe' con gol o tiri: 0)

=== premier_league ===
  1. margini impossibili (>1.12): 0
  2. coppie 1X2/OU incoerenti: 0
  3. anomalie fisiche (gol>tiri in porta, tiri in porta>tiri): 21 su 3420 righe grezze
  4. impronte-quota duplicate nello stesso giorno: 0
  5. riposo incoerente col calendario di campionato: 0
  6. xG a zero/estremi: 2 (di cui IMPOSSIBILI, cioe' con gol o tiri: 0)

=== la_liga ===
  1. margini impossibili (>1.12): 3
  2. coppie 1X2/OU incoerenti: 0
  3. anomalie fisiche (gol>tiri in porta, tiri in porta>tiri): 24 su 3420 righe grezze
  4. impronte-quota duplicate nello stesso giorno: 0
  5. riposo incoerente col calendario di campionato: 0
  6. xG a zero/estremi: 2 (di cui IMPOSSIBILI, cioe' con gol o tiri: 0)

=== bundesliga ===
  1. margini impossibili (>1.12): 0
  2. coppie 1X2/OU incoerenti: 0
  3. anomalie fisiche (gol>tiri in porta, tiri in porta>tiri): 5 su 2754 righe grezze
  4. impronte-quota duplicate nello stesso giorno: 0
  5. riposo incoerente col calendario di campionato: 0
  6. xG a zero/estremi: 1 (di cui IMPOSSIBILI, cioe' con gol o tiri: 0)

=== ligue_1 ===
  1. margini impossibili (>1.12): 0
  2. coppie 1X2/OU incoerenti: 2
  3. anomalie fisiche (gol>tiri in porta, tiri in porta>tiri): 13 su 3097 righe grezze
  4. impronte-quota duplicate nello stesso giorno: 0
  5. riposo incoerente col calendario di campionato: 0
  6. xG a zero/estremi: 1 (di cui IMPOSSIBILI, cioe' con gol o tiri: 0)

=== DETTAGLIO ANOMALIE ===

[margini] 3 casi:
    {"league": "la_liga", "mercato": "OU_apertura", "season": "1819", "date": "2018-10-06", "match": "Alaves-Real Madrid", "overround": 1.2825, "quote": [1.53, 1.59]}
    {"league": "la_liga", "mercato": "OU_apertura", "season": "1819", "date": "2018-11-24", "match": "Eibar-Real Madrid", "overround": 1.2814, "quote": [1.45, 1.69]}
    {"league": "la_liga", "mercato": "OU_apertura", "season": "1819", "date": "2019-02-10", "match": "Leganes-Betis", "overround": 1.1279, "quote": [2.48, 1.38]}

[coerenza] 4 casi:
    {"league": "serie_a", "tipo": "chiusura", "season": "2324", "date": "2024-04-25", "match": "Udinese-Roma", "residuo_over": 0.1135, "totale_implicito": 2.191, "p_over_mercato": 0.4883, "p_over_matrice": 0.3748}
    {"league": "serie_a", "tipo": "apertura", "season": "1819", "date": "2019-05-26", "match": "Fiorentina-Genoa", "residuo_over": 0.0438, "totale_implicito": 2.214, "p_over_mercato": 0.4249, "p_over_matrice": 0.3811}
    {"league": "ligue_1", "tipo": "chiusura", "season": "2021", "date": "2021-05-23", "match": "Strasbourg-Lorient", "residuo_over": 0.0562, "totale_implicito": 1.898, "p_over_mercato": 0.3518, "p_over_matrice": 0.2956}
    {"league": "ligue_1", "tipo": "apertura", "season": "2021", "date": "2021-05-23", "match": "Strasbourg-Lorient", "residuo_over": 0.0691, "totale_implicito": 1.914, "p_over_mercato": 0.3692, "p_over_matrice": 0.3001}

[fisica] 74 casi:
    {"league": "serie_a", "season": "1718", "tipo": "gol>AST", "date": "22/10/17", "match": "Udinese-Juventus", "gol": 6, "sot": 5}
    {"league": "serie_a", "season": "1819", "tipo": "gol>HST", "date": "24/02/2019", "match": "Fiorentina-Inter", "gol": 3, "sot": 2}
    {"league": "serie_a", "season": "2021", "tipo": "gol>HST", "date": "17/01/2021", "match": "Crotone-Benevento", "gol": 4, "sot": 3}
    {"league": "serie_a", "season": "2021", "tipo": "gol>AST", "date": "04/11/2020", "match": "Genoa-Torino", "gol": 2, "sot": 1}
    {"league": "serie_a", "season": "2122", "tipo": "gol>HST", "date": "07/11/2021", "match": "Udinese-Sassuolo", "gol": 3, "sot": 2}
    {"league": "serie_a", "season": "2122", "tipo": "gol>AST", "date": "22/12/2021", "match": "Napoli-Spezia", "gol": 1, "sot": 0}
    {"league": "serie_a", "season": "2223", "tipo": "gol>HST", "date": "13/05/2023", "match": "Inter-Sassuolo", "gol": 4, "sot": 3}
    {"league": "serie_a", "season": "2223", "tipo": "gol>AST", "date": "12/02/2023", "match": "Udinese-Sassuolo", "gol": 2, "sot": 1}
    {"league": "serie_a", "season": "2324", "tipo": "gol>HST", "date": "02/10/2023", "match": "Fiorentina-Cagliari", "gol": 3, "sot": 2}
    {"league": "serie_a", "season": "2324", "tipo": "gol>AST", "date": "06/01/2024", "match": "Frosinone-Monza", "gol": 3, "sot": 2}
    {"league": "serie_a", "season": "2324", "tipo": "gol>AST", "date": "05/05/2024", "match": "Milan-Genoa", "gol": 3, "sot": 2}
    {"league": "premier_league", "season": "1718", "tipo": "gol>HST", "date": "26/11/2017", "match": "Huddersfield-Man City", "gol": 1, "sot": 0}

[xg] 10 casi:
    {"league": "serie_a", "season": "1718", "date": "2018-04-17", "match": "Inter-Cagliari", "side": "away", "gol": 0, "xg": 0.0, "tiri": 0.0, "IMPOSSIBILE": false}
    {"league": "serie_a", "season": "2021", "date": "2021-01-30", "match": "Inter-Benevento", "side": "away", "gol": 0, "xg": 0.0, "tiri": 0.0, "IMPOSSIBILE": false}
    {"league": "serie_a", "season": "2122", "date": "2021-12-05", "match": "Juventus-Genoa", "side": "away", "gol": 0, "xg": 0.0, "tiri": 0.0, "IMPOSSIBILE": false}
    {"league": "serie_a", "season": "2526", "date": "2026-05-10", "match": "Cremonese-Pisa", "side": "away", "gol": 0, "xg": 0.0, "tiri": 0.0, "IMPOSSIBILE": false}
    {"league": "premier_league", "season": "1819", "date": "2019-03-02", "match": "Bournemouth-Man City", "side": "home", "gol": 0, "xg": 0.0, "tiri": 0.0, "IMPOSSIBILE": false}
    {"league": "premier_league", "season": "1718", "date": "2018-03-10", "match": "Huddersfield-Swansea", "side": "away", "gol": 0, "xg": 0.0, "tiri": 0.0, "IMPOSSIBILE": false}
    {"league": "la_liga", "season": "2021", "date": "2021-04-18", "match": "Ath Madrid-Eibar", "side": "away", "gol": 0, "xg": 0.0, "tiri": 0.0, "IMPOSSIBILE": false}
    {"league": "la_liga", "season": "2425", "date": "2025-03-02", "match": "Barcelona-Sociedad", "side": "away", "gol": 0, "xg": 0.0, "tiri": 0.0, "IMPOSSIBILE": false}
    {"league": "bundesliga", "season": "2425", "date": "2024-09-21", "match": "Werder Bremen-Bayern Munich", "side": "home", "gol": 0, "xg": 0.0, "tiri": 0.0, "IMPOSSIBILE": false}
    {"league": "ligue_1", "season": "2021", "date": "2021-05-01", "match": "Lille-Nice", "side": "away", "gol": 0, "xg": 0.0, "tiri": 0.0, "IMPOSSIBILE": false}
