
=== Bundesliga ===
  calendario di club completo (congestione)...
    10375 righe (squadra, partita) -> club_fixtures_bundesliga.csv
season  extra_matches  teams_with_extra  2. Bundesliga  Bundesliga 2016-17  Champions League  DFB-Pokal  Europa League  Conference League  Conference League (qual.)
  1617            918                27          340.0               578.0               0.0        0.0            0.0                0.0                        0.0
  1718            364                13          340.0                 0.0              24.0        0.0            0.0                0.0                        0.0
  1819            486                29          374.0                 0.0              30.0       82.0            0.0                0.0                        0.0
  1920            487                29          374.0                 0.0              35.0       78.0            0.0                0.0                        0.0
  2021            494                29          374.0                 0.0              36.0       68.0           16.0                0.0                        0.0
  2122            501                28          374.0                 0.0              28.0       62.0           31.0                6.0                        0.0
  2223            521                28          374.0                 0.0              40.0       75.0           26.0                6.0                        0.0
  2324            474                27          340.0                 0.0              39.0       64.0           23.0                8.0                        0.0
  2425            507                29          340.0                 0.0              54.0       83.0           20.0                8.0                        2.0
  2526            115                29            0.0                 0.0              44.0       69.0            0.0                0.0                        2.0
  -> cantiere/data/bundesliga_matches.csv: 2754 partite, 9 stagioni, 38 colonne

=== Ligue 1 ===
  calendario di club completo (congestione)...
    10434 righe (squadra, partita) -> club_fixtures_ligue_1.csv
season  extra_matches  teams_with_extra  Ligue 1 2016-17  Ligue 2  Champions League  Europa League  Conference League  Champions League (qual.)  Conference League (qual.)  Coupe de France
  1617           1064                28            684.0    380.0               0.0            0.0                0.0                       0.0                        0.0              0.0
  1718            356                11              0.0    342.0              14.0            0.0                0.0                       0.0                        0.0              0.0
  1819            364                12              0.0    342.0              22.0            0.0                0.0                       0.0                        0.0              0.0
  1920            369                12              0.0    342.0              27.0            0.0                0.0                       0.0                        0.0              0.0
  2021            380                14              0.0    342.0              24.0           14.0                0.0                       0.0                        0.0              0.0
  2122            398                15              0.0    342.0              16.0           24.0               16.0                       0.0                        0.0              0.0
  2223            390                15              0.0    342.0              14.0           24.0               10.0                       0.0                        0.0              0.0
  2324            440                16              0.0    380.0              18.0           32.0               10.0                       0.0                        0.0              0.0
  2425            450                28              0.0    306.0              37.0           20.0                0.0                       4.0                        2.0             81.0
  2526             29                 4              0.0      0.0              25.0            0.0                0.0                       2.0                        2.0              0.0
  -> cantiere/data/ligue_1_matches.csv: 3097 partite, 9 stagioni, 38 colonne
